examples/websocket/frontend.tsx(4,20): error TS2307: Cannot find module 'socket.io-client' or its corresponding type declarations.
examples/websocket/server.ts(2,24): error TS2307: Cannot find module 'socket.io' or its corresponding type declarations.
next.config.ts(13,3): error TS2353: Object literal may only specify known properties, and 'eslint' does not exist in type 'NextConfig'.
prisma/prisma.config.ts(5,10): error TS2305: Module '"@prisma/client"' has no exported member 'defineConfig'.
prisma/seed-flashjuris.ts(28,33): error TS2339: Property 'lawyer' does not exist on type 'PrismaClient<PrismaClientOptions, never, DefaultArgs>'.
prisma/seed-flashjuris.ts(54,18): error TS2339: Property 'case' does not exist on type 'PrismaClient<PrismaClientOptions, never, DefaultArgs>'.
src/app/(avocat)/dashboard/[id]/page.tsx(47,7): error TS2322: Type '{ resumeGeneral: string; }' is not assignable to type 'null'.
src/app/(client)/page.tsx(187,23): error TS2322: Type '{ hidden: { y: number; opacity: number; }; visible: { y: number; opacity: number; transition: { duration: number; ease: number[]; }; }; }' is not assignable to type 'Variants'.
  Property 'visible' is incompatible with index signature.
    Type '{ y: number; opacity: number; transition: { duration: number; ease: number[]; }; }' is not assignable to type 'Variant'.
      Type '{ y: number; opacity: number; transition: { duration: number; ease: number[]; }; }' is not assignable to type 'TargetAndTransition'.
        Type '{ y: number; opacity: number; transition: { duration: number; ease: number[]; }; }' is not assignable to type '{ transition?: Transition<any> | undefined; transitionEnd?: ResolvedValues$1 | undefined; }'.
          Types of property 'transition' are incompatible.
            Type '{ duration: number; ease: number[]; }' is not assignable to type 'Transition<any> | undefined'.
              Type '{ duration: number; ease: number[]; }' is not assignable to type 'TransitionWithValueOverrides<any>'.
                Type '{ duration: number; ease: number[]; }' is not assignable to type 'ValueAnimationTransition<any>'.
                  Types of property 'ease' are incompatible.
                    Type 'number[]' is not assignable to type 'Easing | Easing[] | undefined'.
                      Type 'number[]' is not assignable to type 'EasingFunction | Easing[]'.
                        Type 'number[]' is not assignable to type 'Easing[]'.
                          Type 'number' is not assignable to type 'Easing'.
src/app/(client)/page.tsx(194,23): error TS2322: Type '{ hidden: { y: number; opacity: number; }; visible: { y: number; opacity: number; transition: { duration: number; ease: number[]; }; }; }' is not assignable to type 'Variants'.
  Property 'visible' is incompatible with index signature.
    Type '{ y: number; opacity: number; transition: { duration: number; ease: number[]; }; }' is not assignable to type 'Variant'.
      Type '{ y: number; opacity: number; transition: { duration: number; ease: number[]; }; }' is not assignable to type 'TargetAndTransition'.
        Type '{ y: number; opacity: number; transition: { duration: number; ease: number[]; }; }' is not assignable to type '{ transition?: Transition<any> | undefined; transitionEnd?: ResolvedValues$1 | undefined; }'.
          Types of property 'transition' are incompatible.
            Type '{ duration: number; ease: number[]; }' is not assignable to type 'Transition<any> | undefined'.
              Type '{ duration: number; ease: number[]; }' is not assignable to type 'TransitionWithValueOverrides<any>'.
                Type '{ duration: number; ease: number[]; }' is not assignable to type 'ValueAnimationTransition<any>'.
                  Types of property 'ease' are incompatible.
                    Type 'number[]' is not assignable to type 'Easing | Easing[] | undefined'.
                      Type 'number[]' is not assignable to type 'EasingFunction | Easing[]'.
                        Type 'number[]' is not assignable to type 'Easing[]'.
                          Type 'number' is not assignable to type 'Easing'.
src/app/(client)/page.tsx(207,22): error TS2322: Type '{ hidden: { y: number; opacity: number; }; visible: { y: number; opacity: number; transition: { duration: number; ease: number[]; }; }; }' is not assignable to type 'Variants'.
  Property 'visible' is incompatible with index signature.
    Type '{ y: number; opacity: number; transition: { duration: number; ease: number[]; }; }' is not assignable to type 'Variant'.
      Type '{ y: number; opacity: number; transition: { duration: number; ease: number[]; }; }' is not assignable to type 'TargetAndTransition'.
        Type '{ y: number; opacity: number; transition: { duration: number; ease: number[]; }; }' is not assignable to type '{ transition?: Transition<any> | undefined; transitionEnd?: ResolvedValues$1 | undefined; }'.
          Types of property 'transition' are incompatible.
            Type '{ duration: number; ease: number[]; }' is not assignable to type 'Transition<any> | undefined'.
              Type '{ duration: number; ease: number[]; }' is not assignable to type 'TransitionWithValueOverrides<any>'.
                Type '{ duration: number; ease: number[]; }' is not assignable to type 'ValueAnimationTransition<any>'.
                  Types of property 'ease' are incompatible.
                    Type 'number[]' is not assignable to type 'Easing | Easing[] | undefined'.
                      Type 'number[]' is not assignable to type 'EasingFunction | Easing[]'.
                        Type 'number[]' is not assignable to type 'Easing[]'.
                          Type 'number' is not assignable to type 'Easing'.
src/app/(client)/page.tsx(212,21): error TS2322: Type '{ hidden: { y: number; opacity: number; }; visible: { y: number; opacity: number; transition: { duration: number; ease: number[]; }; }; }' is not assignable to type 'Variants'.
  Property 'visible' is incompatible with index signature.
    Type '{ y: number; opacity: number; transition: { duration: number; ease: number[]; }; }' is not assignable to type 'Variant'.
      Type '{ y: number; opacity: number; transition: { duration: number; ease: number[]; }; }' is not assignable to type 'TargetAndTransition'.
        Type '{ y: number; opacity: number; transition: { duration: number; ease: number[]; }; }' is not assignable to type '{ transition?: Transition<any> | undefined; transitionEnd?: ResolvedValues$1 | undefined; }'.
          Types of property 'transition' are incompatible.
            Type '{ duration: number; ease: number[]; }' is not assignable to type 'Transition<any> | undefined'.
              Type '{ duration: number; ease: number[]; }' is not assignable to type 'TransitionWithValueOverrides<any>'.
                Type '{ duration: number; ease: number[]; }' is not assignable to type 'ValueAnimationTransition<any>'.
                  Types of property 'ease' are incompatible.
                    Type 'number[]' is not assignable to type 'Easing | Easing[] | undefined'.
                      Type 'number[]' is not assignable to type 'EasingFunction | Easing[]'.
                        Type 'number[]' is not assignable to type 'Easing[]'.
                          Type 'number' is not assignable to type 'Easing'.
src/app/(client)/page.tsx(216,21): error TS2322: Type '{ hidden: { y: number; opacity: number; }; visible: { y: number; opacity: number; transition: { duration: number; ease: number[]; }; }; }' is not assignable to type 'Variants'.
  Property 'visible' is incompatible with index signature.
    Type '{ y: number; opacity: number; transition: { duration: number; ease: number[]; }; }' is not assignable to type 'Variant'.
      Type '{ y: number; opacity: number; transition: { duration: number; ease: number[]; }; }' is not assignable to type 'TargetAndTransition'.
        Type '{ y: number; opacity: number; transition: { duration: number; ease: number[]; }; }' is not assignable to type '{ transition?: Transition<any> | undefined; transitionEnd?: ResolvedValues$1 | undefined; }'.
          Types of property 'transition' are incompatible.
            Type '{ duration: number; ease: number[]; }' is not assignable to type 'Transition<any> | undefined'.
              Type '{ duration: number; ease: number[]; }' is not assignable to type 'TransitionWithValueOverrides<any>'.
                Type '{ duration: number; ease: number[]; }' is not assignable to type 'ValueAnimationTransition<any>'.
                  Types of property 'ease' are incompatible.
                    Type 'number[]' is not assignable to type 'Easing | Easing[] | undefined'.
                      Type 'number[]' is not assignable to type 'EasingFunction | Easing[]'.
                        Type 'number[]' is not assignable to type 'Easing[]'.
                          Type 'number' is not assignable to type 'Easing'.
src/app/(client)/page.tsx(223,13): error TS2322: Type '{ hidden: { y: number; opacity: number; }; visible: { y: number; opacity: number; transition: { duration: number; ease: number[]; }; }; }' is not assignable to type 'Variants'.
  Property 'visible' is incompatible with index signature.
    Type '{ y: number; opacity: number; transition: { duration: number; ease: number[]; }; }' is not assignable to type 'Variant'.
      Type '{ y: number; opacity: number; transition: { duration: number; ease: number[]; }; }' is not assignable to type 'TargetAndTransition'.
        Type '{ y: number; opacity: number; transition: { duration: number; ease: number[]; }; }' is not assignable to type '{ transition?: Transition<any> | undefined; transitionEnd?: ResolvedValues$1 | undefined; }'.
          Types of property 'transition' are incompatible.
            Type '{ duration: number; ease: number[]; }' is not assignable to type 'Transition<any> | undefined'.
              Type '{ duration: number; ease: number[]; }' is not assignable to type 'TransitionWithValueOverrides<any>'.
                Type '{ duration: number; ease: number[]; }' is not assignable to type 'ValueAnimationTransition<any>'.
                  Types of property 'ease' are incompatible.
                    Type 'number[]' is not assignable to type 'Easing | Easing[] | undefined'.
                      Type 'number[]' is not assignable to type 'EasingFunction | Easing[]'.
                        Type 'number[]' is not assignable to type 'Easing[]'.
                          Type 'number' is not assignable to type 'Easing'.
src/app/(client)/page.tsx(397,15): error TS2607: JSX element class does not support attributes because it does not have a 'props' property.
src/app/(client)/page.tsx(397,16): error TS2786: 'Lock' cannot be used as a JSX component.
  Its type '{ new (): Lock; prototype: Lock; }' is not a valid JSX element type.
    Type '{ new (): Lock; prototype: Lock; }' is not assignable to type 'new (props: any, context: any) => Component<any, any, any>'.
      Type 'Lock' is missing the following properties from type 'Component<any, any, any>': context, setState, forceUpdate, render, and 2 more.
src/app/api/dossier/[id]/valider/route.ts(3,10): error TS2305: Module '"@prisma/client"' has no exported member 'StatutDossier'.
src/app/api/flashcards/[id]/route.ts(8,24): error TS2307: Cannot find module '@/lib/logger' or its corresponding type declarations.
src/app/api/flashcards/[id]/route.ts(9,52): error TS2307: Cannot find module '@/lib/rate-limit' or its corresponding type declarations.
src/app/api/flashcards/[id]/route.ts(51,36): error TS2339: Property 'flashcard' does not exist on type 'PrismaClient<PrismaClientOptions, never, DefaultArgs>'.
src/app/api/flashcards/[id]/route.ts(103,35): error TS2339: Property 'flashcard' does not exist on type 'PrismaClient<PrismaClientOptions, never, DefaultArgs>'.
src/app/api/flashcards/[id]/route.ts(121,34): error TS2339: Property 'flashcard' does not exist on type 'PrismaClient<PrismaClientOptions, never, DefaultArgs>'.
src/app/api/flashcards/[id]/route.ts(144,26): error TS2339: Property 'errors' does not exist on type 'ZodError<unknown>'.
src/app/api/flashcards/[id]/route.ts(174,35): error TS2339: Property 'flashcard' does not exist on type 'PrismaClient<PrismaClientOptions, never, DefaultArgs>'.
src/app/api/flashcards/[id]/route.ts(191,18): error TS2339: Property 'flashcard' does not exist on type 'PrismaClient<PrismaClientOptions, never, DefaultArgs>'.
src/app/api/flashcards/route.ts(8,24): error TS2307: Cannot find module '@/lib/logger' or its corresponding type declarations.
src/app/api/flashcards/route.ts(9,52): error TS2307: Cannot find module '@/lib/rate-limit' or its corresponding type declarations.
src/app/api/flashcards/route.ts(54,36): error TS2339: Property 'flashcard' does not exist on type 'PrismaClient<PrismaClientOptions, never, DefaultArgs>'.
src/app/api/flashcards/route.ts(75,79): error TS2339: Property 'errors' does not exist on type 'ZodError<unknown>'.
src/app/api/flashcards/route.ts(80,26): error TS2339: Property 'errors' does not exist on type 'ZodError<unknown>'.
src/app/api/flashcards/route.ts(139,14): error TS2339: Property 'flashcard' does not exist on type 'PrismaClient<PrismaClientOptions, never, DefaultArgs>'.
src/app/api/flashcards/route.ts(145,14): error TS2339: Property 'flashcard' does not exist on type 'PrismaClient<PrismaClientOptions, never, DefaultArgs>'.
src/app/api/rag/query/route.ts(48,26): error TS2339: Property 'errors' does not exist on type 'ZodError<unknown>'.
src/app/api/study-sessions/[id]/answer/route.ts(8,24): error TS2307: Cannot find module '@/lib/logger' or its corresponding type declarations.
src/app/api/study-sessions/[id]/answer/route.ts(33,34): error TS2339: Property 'studySession' does not exist on type 'PrismaClient<PrismaClientOptions, never, DefaultArgs>'.
src/app/api/study-sessions/[id]/answer/route.ts(45,33): error TS2339: Property 'studySessionCard' does not exist on type 'PrismaClient<PrismaClientOptions, never, DefaultArgs>'.
src/app/api/study-sessions/[id]/answer/route.ts(56,36): error TS2339: Property 'flashcard' does not exist on type 'PrismaClient<PrismaClientOptions, never, DefaultArgs>'.
src/app/api/study-sessions/[id]/answer/route.ts(80,20): error TS2339: Property 'flashcard' does not exist on type 'PrismaClient<PrismaClientOptions, never, DefaultArgs>'.
src/app/api/study-sessions/[id]/answer/route.ts(94,18): error TS2339: Property 'studySession' does not exist on type 'PrismaClient<PrismaClientOptions, never, DefaultArgs>'.
src/app/api/study-sessions/[id]/answer/route.ts(116,70): error TS2339: Property 'errors' does not exist on type 'ZodError<unknown>'.
src/app/api/study-sessions/[id]/complete/route.ts(8,24): error TS2307: Cannot find module '@/lib/logger' or its corresponding type declarations.
src/app/api/study-sessions/[id]/complete/route.ts(22,34): error TS2339: Property 'studySession' does not exist on type 'PrismaClient<PrismaClientOptions, never, DefaultArgs>'.
src/app/api/study-sessions/[id]/complete/route.ts(57,34): error TS2339: Property 'studySession' does not exist on type 'PrismaClient<PrismaClientOptions, never, DefaultArgs>'.
src/app/api/study-sessions/route.ts(8,24): error TS2307: Cannot find module '@/lib/logger' or its corresponding type declarations.
src/app/api/study-sessions/route.ts(9,52): error TS2307: Cannot find module '@/lib/rate-limit' or its corresponding type declarations.
src/app/api/study-sessions/route.ts(50,37): error TS2339: Property 'flashcard' does not exist on type 'PrismaClient<PrismaClientOptions, never, DefaultArgs>'.
src/app/api/study-sessions/route.ts(68,34): error TS2339: Property 'studySession' does not exist on type 'PrismaClient<PrismaClientOptions, never, DefaultArgs>'.
src/app/api/study-sessions/route.ts(101,26): error TS2339: Property 'errors' does not exist on type 'ZodError<unknown>'.
src/app/api/study-sessions/route.ts(136,14): error TS2339: Property 'studySession' does not exist on type 'PrismaClient<PrismaClientOptions, never, DefaultArgs>'.
src/app/api/study-sessions/route.ts(155,14): error TS2339: Property 'studySession' does not exist on type 'PrismaClient<PrismaClientOptions, never, DefaultArgs>'.
src/app/avocat/[slug]/page.tsx(10,29): error TS2307: Cannot find module '@/components/forms/divorce-form' or its corresponding type declarations.
src/hooks/use-divorce-form.ts(14,57): error TS2305: Module '"@/types/dossier"' has no exported member 'MariageInfo'.
src/lib/email-service.ts(63,40): error TS2339: Property 'commissionAmount' does not exist on type '{ avocat: { id: string; pays: Pays; createdAt: Date; updatedAt: Date; email: string; stripeAccountId: string | null; passwordHash: string | null; nom: string; prenom: string; ... 6 more ...; isActive: boolean; }; documents: { ...; }[]; } & { ...; }'.
src/lib/email-service.ts(70,47): error TS2352: Conversion of type '{ avocat: { id: string; pays: $Enums.Pays; createdAt: Date; updatedAt: Date; email: string; stripeAccountId: string | null; passwordHash: string | null; nom: string; ... 7 more ...; isActive: boolean; }; ... 23 more ...; purgedAt: Date | null; }' to type 'DossierData' may be a mistake because neither type sufficiently overlaps with the other. If this was intentional, convert the expression to 'unknown' first.
  Type '{ avocat: { id: string; pays: Pays; createdAt: Date; updatedAt: Date; email: string; stripeAccountId: string | null; passwordHash: string | null; nom: string; prenom: string; ... 6 more ...; isActive: boolean; }; ... 23 more ...; purgedAt: Date | null; }' is missing the following properties from type 'DossierData': clientName, clientEmail, clientPhone, caseType, caseDescription
src/lib/email-service.ts(115,11): error TS2353: Object literal may only specify known properties, and 'avocatId' does not exist in type '(Without<EventCreateInput, EventUncheckedCreateInput> & EventUncheckedCreateInput) | (Without<...> & EventCreateInput)'.
src/lib/email-service.ts(559,7): error TS2353: Object literal may only specify known properties, and 'dossierId' does not exist in type '(Without<EventCreateInput, EventUncheckedCreateInput> & EventUncheckedCreateInput) | (Without<...> & EventCreateInput)'.
tailwind.config.ts(1,29): error TS2307: Cannot find module 'tailwindcss' or its corresponding type declarations.
  There are types at 'C:/Users/user/LEGALTECH/legaltech/node_modules/tailwindcss/dist/lib.d.mts', but this result could not be resolved under your current 'moduleResolution' setting. Consider updating to 'node16', 'nodenext', or 'bundler'.
